[www.bing.com/images/search2976.html]
[backblue.gif]
[fade.gif]
[index.html]
[www.bing.com/sa/simg/bing_p_rr_teal_min.ico]
[www.bing.com/sa/simg/sw_mg_l_4d_brandw2.png]
[www.bing.com/sa/simg/navchevrons_topRefresh.png]
[www.bing.com/images/POST.4.delayed]
[www.bing.com/images/sj_cook.5.delayed]
[www.bing.com/sa/simg/sw_mg_l_4d_cct.png]
[www.bing.com/images/search0a33.html]
[www.bing.com/images/search2825.html]
[www.bing.com/images/searchabdd.html]
[www.bing.com/images/searchcac5.html]
[www.bing.com/images/search58c9.html]
[www.bing.com/images/searchd3b0.html]
[www.bing.com/images/search295c.html]
[www.bing.com/images/search3bfe.html]
[www.bing.com/images/search3a8e.html]
[www.bing.com/images/search33ac.html]
[www.bing.com/images/searchd2bb.html]
[www.bing.com/images/search1dea.html]
[www.bing.com/images/searchd852.html]
[www.bing.com/images/search5555.html]
[www.bing.com/images/search9f1e.html]
[www.bing.com/images/searche05e.html]
[www.bing.com/images/search9769.html]
[www.bing.com/images/searchf602.html]
[beautysouthafrica.com/wp-content/uploads/2013/09/fat2fitnew.jpg]
[tse3.mm.bing.net/th21f7.jpg]
[becomingbeautiful.org/wp-content/uploads/2013/08/Jesus-loves-me1.jpg]
[tse2.mm.bing.net/th15bc.jpg]
[www.mireyabeltransalon.com/wp-content/uploads/2014/08/mani-pedi-mbs1.jpg]
[tse1.mm.bing.net/th7fac.jpg]
[www.dfiaging.com/beauty-blog/wp-content/uploads/2013/06/bamboo.jpg]
[tse4.mm.bing.net/the4f3.jpg]
[www.atmag.net/wp-content/uploads/2013/12/openrice.png]
[tse3.mm.bing.net/th819b.jpg]
[www.gnc.com/graphics/product_images/pGNC1-6391896dt.jpg]
[tse1.mm.bing.net/th0502.jpg]
[ghk.h-cdn.co/assets/cm/15/11/54ff959a02000-1-de2.jpg]
[tse4.mm.bing.net/thc995.jpg]
[www.aspca.org/sites/default/files/dog-care_common-dog-behavior-problems_dog-grooming-tips_main-image.jpg]
[tse1.mm.bing.net/th0f0e.jpg]
[www.stylepresso.com/wp-content/uploads/2015/07/Best-Chanel-Nail-Polishes.jpg]
[tse2.mm.bing.net/theb73.jpg]
[www.latina.com/sites/default/files/articles/2015-11-13/prince-royce.jpg]
[tse3.mm.bing.net/th2bc3.jpg]
[ghk.h-cdn.co/assets/16/26/1600x800/landscape-1467325833-gh-063016-braless.jpg]
[tse1.mm.bing.net/th29b5.jpg]
[thebeautybean.com/wp-content/uploads/610x-1.jpg]
[tse4.mm.bing.net/thd9fc.jpg]
[blogg.damernasvarld.se/elin/files/2015/11/bronde1.jpg]
[tse3.mm.bing.net/th97b0.jpg]
[www.bing.com/rms/rms answers Shared Feedback$bubble/ic/4907366b/da274d75.png]
[www.bing.com/images/get.35.delayed]
[www.bing.com/images/search2976.html]
[www.bing.com/images/POST.html]
[www.bing.com/sa/simg/sw_mg_l_4d_bo.png]
[www.bing.com/images/search8a4c.html]
[www.bing.com/images/search018a.html]
[www.bing.com/images/search16f5.html]
[www.bing.com/images/searche6ec.html]
[www.bing.com/images/search77cd.html]
[www.bing.com/images/search7e75.html]
[www.bing.com/images/search02bc.html]
[www.bing.com/images/search683c.html]
[www.bing.com/images/search6246.html]
[www.bing.com/images/searchc5a2.html]
[www.bing.com/images/searchb596.html]
[www.whatcausesthis.com/wp-content/uploads/2011/10/fingernail-ridges2.jpg]
[tse4.mm.bing.net/th09b7.jpg]
[2.bp.blogspot.com/-BlVvPOT65ZE/T9cVQVLZDjI/AAAAAAAADq0/a2arPne7fRI/s1600/ridges-in-fingernails.jpg]
[tse2.mm.bing.net/th66a2.jpg]
[photos2.demandstudios.com/DM-Resize/photos.demandstudios.com/getty/article/78/112/92829102_XSd971.jpg]
[tse4.mm.bing.net/thac4b.jpg]
[new-beautyblog.com/wp-content/uploads/2013/11/what-tool-is-most-effective-from-the-grooves-on-the-nails1.jpg]
[tse2.mm.bing.net/th4bad.jpg]
[www.lightskincure.org/wp-content/uploads/2016/04/vertical-ridges-in-fingernails-306x213.png]
[tse1.mm.bing.net/th3b46.jpg]
[www.lightskincure.org/wp-content/uploads/2016/04/ridges-in-toenails.png]
[tse3.mm.bing.net/thf956.jpg]
[toenailfungusreviews.org/wp-content/uploads/2014/03/fingernail-ridge.jpg]
[tse3.mm.bing.net/th6628.jpg]
[2.bp.blogspot.com/-pniLIIgWOVs/T9cVHY7imiI/AAAAAAAADp8/zOmg_bPUW0I/s1600/RightThumb29Ridges.jpg]
[tse4.mm.bing.net/th07c3.jpg]
[www.lightskincure.org/wp-content/uploads/2016/04/ridges-in-fingernails.png]
[tse1.mm.bing.net/th0947.jpg]
[thedermblog.com/wp-content/uploads/2008/03/nail-ridges-2.jpg]
[tse1.mm.bing.net/th4a03.jpg]
[www.hooked-on-nails.com/kolynichia.jpg]
[tse4.mm.bing.net/th22a3.jpg]
[www.health-boundaries.com/wp-content/uploads/2013/10/RightThumb_Dec_30_pm-Scale-2014.jpg]
[tse4.mm.bing.net/thc15e.jpg]
[4.bp.blogspot.com/-3tBdpXPkMgs/UNcxzfY9F4I/AAAAAAAAAEk/HZjGtu1O_JA/s1600/vertical-ridges.jpg]
[tse4.mm.bing.net/th6301.jpg]
[2.bp.blogspot.com/-9HoN2zzERw4/T9cVK2dPZlI/AAAAAAAADqU/sRciTuG9n78/s200/horizontal-lines-in-fingernails.jpg]
[tse3.mm.bing.net/thdb30.jpg]
[www.huidziekten.nl/afbeeldingen/nagelafwijkingen/beading.jpg]
[tse4.mm.bing.net/thdf8c.jpg]
[3.bp.blogspot.com/-AgGzfS5UtH0/T5Dl6m8x-lI/AAAAAAAACIk/oWd6O4Rbkik/s1600/causes-of-fingernail-ridges-2.jpg]
[tse1.mm.bing.net/thb94f.jpg]
[www.whatcausesthis.com/wp-content/uploads/2011/10/fingernail-ridges1.jpg]
[tse2.mm.bing.net/thb61b.jpg]
[i45.servimg.com/u/f45/15/45/02/10/nail-e10.jpg]
[tse2.mm.bing.net/th9955.jpg]
[glutenfreeworks.com/health/wp-content/uploads/sites/10/61_beaus_lines_10.jpg]
[tse4.mm.bing.net/thccb8.jpg]
[diseasespictures.com/wp-content/uploads/2013/01/Ridges-on-Fingernails-3.jpg]
[tse3.mm.bing.net/th81da.jpg]
[diseasespictures.com/wp-content/uploads/2013/01/Ridges-on-Fingernails-2.jpg]
[tse4.mm.bing.net/th2527.jpg]
[gerdoncosmeticsandskincare.files.wordpress.com/2012/06/fingernails-ridges.jpg]
[tse3.mm.bing.net/th37a7.jpg]
[tse3.mm.bing.net/th0a3f.jpg]
[www.theweddingspecialists.net/wp-content/uploads/2014/05/median-nail-dystrophy-2.jpg]
[tse2.mm.bing.net/th6ff3.jpg]
[tse3.mm.bing.net/thd5b1.jpg]
[www.nhs.uk/Tools/PublishingImages/nail_abnormalities_images/Vertical-ridging-nails.jpg]
[tse1.mm.bing.net/thc224.jpg]
[3.bp.blogspot.com/-ehcvGeRSRk4/TmcNoNCEEOI/AAAAAAAAAcI/TCIxjqK1SiI/s1600/Nails-Bare.JPG]
[tse4.mm.bing.net/th528f.jpg]
[edc2.healthtap.com/ht-staging/user_answer/reference_image/5400/large/fingernails0ebc.jpg]
[tse4.mm.bing.net/the088.jpg]
[www.bing.com/images/search29fc.html]
[www.bing.com/images/search553d.html]
[www.bing.com/images/search6846.html]
[www.bing.com/images/search4060.html]
[www.bing.com/images/search0a33.html]
[www.bing.com/images/searcha494.html]
[www.bing.com/images/searchf164.html]
[www.bing.com/images/searchab7f.html]
[www.bing.com/images/search0703.html]
[www.bing.com/images/searchb4a0.html]
[www.bing.com/images/searchf7f6.html]
[www.bing.com/images/search7c03.html]
[www.bing.com/images/search6026.html]
[www.bing.com/images/searchf68d.html]
[www.bing.com/images/searchf4e5.html]
[www.bing.com/images/search2e07.html]
[www.bing.com/images/search8d79.html]
[www.bing.com/images/search6560.html]
[www.bing.com/images/search0541.html]
[www.bing.com/images/searchd391.html]
[2.bp.blogspot.com/-qHWf-WN8OLo/UWsFComVpFI/AAAAAAAABn4/WmlscPMQtXM/s1600/IMG_2162.jpg]
[tse2.mm.bing.net/th2dde.jpg]
[media-cache-ak0.pinimg.com/736x/b6/e1/42/b6e14267222e4b0489c752b47490dc44.jpg]
[tse2.mm.bing.net/th60a0.jpg]
[3.bp.blogspot.com/-hlkKXlkUh9w/UWsWqcyFSYI/AAAAAAAABog/5IjdU4uh_F8/s1600/IMG_2169.jpg]
[tse1.mm.bing.net/th90d7.jpg]
[dailycharme.files.wordpress.com/2013/06/wpid-2013-06-02-16-49-12_deco.jpg]
[tse3.mm.bing.net/th139f.jpg]
[2.bp.blogspot.com/-rLelKhJq81Y/UstqBbDHbOI/AAAAAAAAAis/TldGBo7duTI/s1600/IMG_5319.jpg]
[tse4.mm.bing.net/th4932.jpg]
[media-cache-ec0.pinimg.com/736x/32/0f/e9/320fe99b68618a7160195e1ad4820835.jpg]
[tse4.mm.bing.net/th7189.jpg]
[4.bp.blogspot.com/-O8Jbl_ERiRg/UB1_VxTx1-I/AAAAAAAABgc/S_8xwDg5iQc/s1600/IMG_1842.JPG]
[tse4.mm.bing.net/th133a.jpg]
[contentinjection.com/wp-content/uploads/2014/02/best-healthy-nails-tips.jpg]
[tse2.mm.bing.net/th1bf0.jpg]
[media-cache-ec0.pinimg.com/736x/ba/03/3c/ba033c2ebc372efd155b70d9af26ef91.jpg]
[tse4.mm.bing.net/thf18b.jpg]
[katieshandywork.co.uk/wp-content/uploads/2013/04/SDC10622.jpg]
[tse3.mm.bing.net/th5203.jpg]
[media-cache-ec0.pinimg.com/736x/57/7a/0e/577a0ed116572b5145874502b817c1de.jpg]
[tse2.mm.bing.net/th499f.jpg]
[healthnewsandviews.files.wordpress.com/2015/11/natural-nails.jpg]
[tse1.mm.bing.net/thf9e3.jpg]
[s-media-cache-ak0.pinimg.com/736x/5b/94/d9/5b94d97605e0b743391c8cf5cc493463.jpg]
[tse2.mm.bing.net/th4756.jpg]
[tse3.mm.bing.net/th4ff7.jpg]
[1.bp.blogspot.com/__2c05EL0lc8/TT-cWJBr3uI/AAAAAAAABFs/WPBtFnOW_Mk/s1600/DSC01763 (1).JPG]
[readanddigest.com/wp-content/uploads/2013/02/Natural-Healthy-Nails.jpg]
[tse3.mm.bing.net/thfaf7.jpg]
[s3-media3.fl.yelpcdn.com/bphoto/33u15CM5QBd1bBB9GWU5Kw/o.jpg]
[tse2.mm.bing.net/th1a0b.jpg]
[lh5.googleusercontent.com/-UCw9GuCToHY/TYe0zG8JaoI/AAAAAAAABKo/MCSRToFJKWI/s1600/mynaturalnails.jpg]
[tse2.mm.bing.net/thf49d.jpg]
[feelgoodstyle.com/wp-content/uploads/2011/10/healthy-nails.jpg]
[tse1.mm.bing.net/th3a9e.jpg]
[www.naileditsalon.com/media/d2ed7f6f46dd_C036/776540_67798007.jpg]
[tse4.mm.bing.net/th718b.jpg]
[www.natural-homeremedies.com/blog/wp-content/uploads/2010/03/Clean-Nails-For-Health-And-Hygiene.jpg]
[tse2.mm.bing.net/th01f2.jpg]
[tse1.mm.bing.net/th24cd.jpg]
[renewed-style.com/wp-content/uploads/2014/03/62.jpg]
[tse1.mm.bing.net/th2014.jpg]
[dailycharme.files.wordpress.com/2013/06/wpid-2013-06-01-12-17-59_deco1.jpg]
[tse3.mm.bing.net/thfcf4.jpg]
[tse3.mm.bing.net/thcfee.jpg]
[media-cache-ak0.pinimg.com/736x/d6/ef/4a/d6ef4ab6a932af326683fa1f6ff4a69f.jpg]
[tse1.mm.bing.net/thb012.jpg]
[s-media-cache-ak0.pinimg.com/236x/9e/c3/f9/9ec3f9a116a09d8b26d540db4f69a384.jpg]
[tse2.mm.bing.net/th633f.jpg]
[tse2.mm.bing.net/the44f.jpg]
[going-well.com/wp/wp-content/uploads/2009/11/healthy-beautiful-nails.jpg]
[tse3.mm.bing.net/th1b4e.jpg]
[www.bing.com/images/search875a.html]
[www.bing.com/images/search590e.html]
[www.bing.com/images/search6af1.html]
[www.bing.com/images/searchd753.html]
[www.bing.com/images/search9852.html]
[www.bing.com/images/search2825.html]
[www.bing.com/images/searcha805.html]
[www.bing.com/images/search7e17.html]
[www.bing.com/images/search0bdc.html]
[www.bing.com/images/searchc6ec.html]
[www.bing.com/images/searchd407.html]
[www.bing.com/images/searchbc21.html]
[www.bing.com/images/searchba46.html]
[www.bing.com/images/search9442.html]
[www.bing.com/images/search8050.html]
[www.bing.com/images/searchd70d.html]
[www.bing.com/images/searcha26e.html]
[www.bing.com/images/searchefb2.html]
[www.bing.com/images/search4fd4.html]
[www.beautyfrizz.com/wp-content/uploads/2014/08/Signs-of-Unhealthy-Nails-300x336.jpg]
[tse2.mm.bing.net/the13c.jpg]
[www.beautyfrizz.com/wp-content/uploads/2014/08/Signs-of-Unhealthy-Nails.jpg]
[tse4.mm.bing.net/thab4a.jpg]
[www.healthcareatoz.com/wp-content/uploads/2012/12/Thickened-Nails1.jpg]
[tse2.mm.bing.net/th382d.jpg]
[tse4.mm.bing.net/th6a2d.jpg]
[tse4.mm.bing.net/th76f4.jpg]
[nailsjournal.com/wp-content/uploads/2013/10/unhealthy-cuticles.jpg]
[m5.paperblog.com/i/4/43110/nails-how-to-keep-your-fingernails-healthy-an-L-4fsfYy.jpg]
[tse2.mm.bing.net/th614a.jpg]
[thumbs.dreamstime.com/x/unhealthy-nails-belong-to-man-symptom-illness-46835448.jpg]
[tse2.mm.bing.net/th8286.jpg]
[www.beautyfrizz.com/wp-content/uploads/2014/08/how-to-keep-nails-healthydadb.jpg]
[tse1.mm.bing.net/thfd66.jpg]
[tse1.mm.bing.net/th8fe5.jpg]
[www.healthy-holistic-living.com/wp-content/uploads/2014/03/nailsandhealth.gif]
[readanddigest.com/wp-content/uploads/2013/02/Unhealthy-Nails.jpg]
[tse1.mm.bing.net/th8d13.jpg]
[i1.wp.com/www.sooziq.com/wp-content/uploads/2016/04/976a527.jpg]
[tse1.mm.bing.net/th094f.jpg]
[images.fashiontimes.com/data/images/full/89230/nails.jpg]
[tse3.mm.bing.net/th7948.jpg]
[www.skincarebeautymag.com/wp-content/uploads/2013/04/Dry-nails-500x280.jpg]
[tse4.mm.bing.net/thc433.jpg]
[3.bp.blogspot.com/-tVsjxiQWYII/T15IMlg-2YI/AAAAAAAAAFc/SON9Lb2g0d0/s1600/onychomadesis_2_02051311.jpg]
[tse1.mm.bing.net/th992c.jpg]
[cdn.realbeautyspot.com/wp-content/uploads/Z116.jpg]
[tse1.mm.bing.net/thb191.jpg]
[media-cache-ak0.pinimg.com/736x/10/a5/a9/10a5a9fc33c7b0ff5f56bef479504c33.jpg]
[tse3.mm.bing.net/tha875.jpg]
[showoffclub.com/wp-content/uploads/2016/09/unhealty.png]
[tse3.mm.bing.net/th0f2f.jpg]
[www.skinsheen.com/userfiles/files/Identifying the Condition of Your Nails.jpg]
[tse3.mm.bing.net/th755e.jpg]
[www.buzzle.com/img/articleImages/596179-4823-3.jpg]
[tse3.mm.bing.net/th4154.jpg]
[cdn-write.demandstudios.com/upload/2000/700/10/5/302715.jpg]
[tse2.mm.bing.net/thbdc9.jpg]
[d3njdrvxpbru17.cloudfront.net/ssli/ssli_21143_scraped_rippled-nails1332601504_large.jpg]
[tse3.mm.bing.net/th4d87.jpg]
[lifestyleinterest.com/wp-content/uploads/2016/11/5-Quiet-Signs-That-Your-Body-Needs-Help-1.jpg]
[tse1.mm.bing.net/th5bf9.jpg]
[4.bp.blogspot.com/-Cs1N6a9Nd-k/TrHtKRfI4uI/AAAAAAAAANk/NSChWBtlGDA/s1600/nail-tek-challenge2.JPG]
[tse1.mm.bing.net/thf216.jpg]
[static.becomegorgeous.com/img/articles/get_strong_and_healthy_nails.jpg]
[tse4.mm.bing.net/thebac.jpg]
[media-cache-ec0.pinimg.com/736x/f9/3e/27/f93e2744db37f4a00251a558d50d1a4b.jpg]
[tse3.mm.bing.net/thfab0.jpg]
[www.beautyfrizz.com/wp-content/uploads/2014/07/How-to-Keep-Nails-Strong-and-Chip-Free-2-199x223dadb.jpg]
[tse1.mm.bing.net/th0f5a.jpg]
[www.symphonylaser.com/wp-content/uploads/2013/06/iStock_000013971606XSmall.jpg]
[tse4.mm.bing.net/th8590.jpg]
[www.skinsheen.com/userfiles/files/How to Prevent Discoloration of Your Nails.jpg]
[tse3.mm.bing.net/th571a.jpg]
[www.bing.com/images/search5b96.html]
[www.bing.com/images/search4501.html]
[www.bing.com/images/searchc45c.html]
[www.bing.com/images/search1e3b.html]
[www.bing.com/images/searchabdd.html]
[www.bing.com/images/search1035.html]
[www.bing.com/images/searchee8b.html]
[www.bing.com/images/search60be.html]
[www.bing.com/images/searchb70e.html]
[www.bing.com/images/search7168.html]
[www.bing.com/images/searchfb7d.html]
[www.bing.com/images/search667a.html]
[www.bing.com/images/searche29f.html]
[www.bing.com/images/search6d5e.html]
[www.bing.com/images/search44c8.html]
[www.bing.com/images/search9564.html]
[www.bing.com/images/search5c5b.html]
[www.bing.com/images/search409c.html]
[www.bing.com/images/search1f5d.html]
[2.bp.blogspot.com/-LCNJ-Hag46U/UhLJZvGOAiI/AAAAAAAABj4/oPXgp5a-kvA/s1600/Stiletto to Square 2.JPG]
[tse4.mm.bing.net/th4321.jpg]
[4.bp.blogspot.com/-N4F84CTF_R8/TbOkFjUyHKI/AAAAAAAAAXs/pHS91kCWWLo/s1600/DSCN3384.JPG]
[tse2.mm.bing.net/thfe81.jpg]
[trendprivemagazine.com/wp-content/uploads/2016/07/Screenshot_2016-07-16-13-06-17-1.png]
[tse4.mm.bing.net/thcdff.jpg]
[3.bp.blogspot.com/-qyMm5ZRji3E/UbSzyC9yMWI/AAAAAAAABIE/jtXtMqwXtSk/s1600/IMG_6738.jpg]
[tse4.mm.bing.net/thfb57.jpg]
[images.nailsmag.com/post/L-September-2009-pg-94.jpg]
[tse2.mm.bing.net/th383e.jpg]
[s3-media1.ak.yelpcdn.com/bphoto/6y4oKgjKhLhGTjN09bvgOQ/l.jpg]
[tse3.mm.bing.net/th119f.jpg]
[2.bp.blogspot.com/-cKmOzQtcJKQ/Tca5Rn9HCSI/AAAAAAAAI-o/B59xx0-Kf-w/s1600/IMAG0718.jpg]
[tse3.mm.bing.net/th1d82.jpg]
[images.nailsmag.com/post/L-onc-2.jpg]
[tse3.mm.bing.net/th632d.jpg]
[www.macaronsandmischief.com/wp-content/uploads/2014/07/nail-hq-1.jpg]
[tse2.mm.bing.net/tha885.jpg]
[2.bp.blogspot.com/-qz1ZFFTshp0/UG0fdu4jv2I/AAAAAAAACfs/OVkScOIgp3Y/s1600/117.JPG]
[tse1.mm.bing.net/th0274.jpg]
[media.tumblr.com/tumblr_l9fp7nny671qa0rga.jpg]
[tse2.mm.bing.net/th880b.jpg]
[media-cache-ec0.pinimg.com/736x/a6/f9/33/a6f933c504f7dc022f197e57ac3bb7a5.jpg]
[tse2.mm.bing.net/th4b47.jpg]
[www.beautyfrizz.com/wp-content/uploads/2014/08/Signs-of-Unhealthy-Nailsdadb.jpg]
[2.bp.blogspot.com/-nmfi7O0zd2E/T-6cVT1qMeI/AAAAAAAAEWc/fNsMgd6DVBU/s1600/Untitled-1.jpg]
[tse1.mm.bing.net/th0bb4.jpg]
[images.nailsmag.com/post/L-ony.jpg]
[tse2.mm.bing.net/th3711.jpg]
[2.bp.blogspot.com/-pJKwZIyTARE/URvI1RsTXxI/AAAAAAAADIs/ODGWxqku4UY/s1600/SAM_4171.JPG]
[tse1.mm.bing.net/th9122.jpg]
[thestyleconfessions.com/wp-content/uploads/2012/02/IMG_1010.jpg]
[tse4.mm.bing.net/thfc7f.jpg]
[dy6g3i6a1660s.cloudfront.net/7VZvLyLYk4UnqBVRvUxhCweQCiA/cl.jpg]
[tse3.mm.bing.net/theccf.jpg]
[media.photobucket.com/image/Unhealthy Nails/cbethblog/IMG_0661.148.delayed]
[tse4.mm.bing.net/th594f.jpg]
[3.bp.blogspot.com/-WrSJZUCmsiY/Tca5SD4mttI/AAAAAAAAI-4/LZdHVekZk54/s1600/IMAG0715.jpg]
[tse3.mm.bing.net/thd154.jpg]
[tenrandomfacts.com/wp-content/uploads/2013/06/Nails.jpg]
[tse4.mm.bing.net/the51c.jpg]
[1.bp.blogspot.com/-Mmu95Sz8TD8/UOP0kD8JJ3I/AAAAAAAAAOI/T3WFtVZSces/s1600/Screen Shot 2013-01-02 at 12.35.37 AM.png]
[tse3.mm.bing.net/th1441.jpg]
[4.bp.blogspot.com/-gKZo1zG7OO8/UzgwR4f0aFI/AAAAAAAAHpo/ojo6Cs2P-x0/s1600/Healthy Nails.jpg]
[tse1.mm.bing.net/th7e75.jpg]
[1.bp.blogspot.com/-GGYJHdXKj-4/TftafuHBP-I/AAAAAAAAANo/D4rgobd5Eq0/s1600/DSC0000158.jpg]
[tse4.mm.bing.net/th9c43.jpg]
[images.fashiontimes.com/data/images/full/89227/nails.jpg]
[tse1.mm.bing.net/th5cf0.jpg]
[www.bing.com/images/search546f.html]
[www.bing.com/images/search92c7.html]
[www.bing.com/images/search0fc3.html]
[www.bing.com/images/searchf972.html]
[www.bing.com/images/search93c9.html]
[www.bing.com/images/searchcac5.html]
[www.bing.com/images/searchf0b3.html]
[www.bing.com/images/searchb72d.html]
[www.bing.com/images/searchdcf1.html]
[www.bing.com/images/searchc12d.html]
[www.bing.com/images/search1af0.html]
[www.bing.com/images/search1525.html]
[www.bing.com/images/search3767.html]
[www.bing.com/images/searchf093.html]
[www.bing.com/images/searche7bd.html]
[www.bing.com/images/search6023.html]
[www.bing.com/images/searchd81e.html]
[www.bing.com/images/search6dd6.html]
[www.bing.com/images/search7552.html]
[www.bing.com/images/search8f72.html]
[www.bing.com/images/searchedc6.html]
[www.bing.com/images/search9b8a.html]
[www.bing.com/images/search1948.html]
[thebeautybean.com/wp-content/uploads2/2011/12/healthy-nails.jpg]
[tse3.mm.bing.net/th5dad.jpg]
[3.bp.blogspot.com/_9PfsjVZFpyE/THaYuXkl2kI/AAAAAAAAA5Q/YxF9XD41jsc/s1600/P8260147.JPG]
[tse2.mm.bing.net/thde7a.jpg]
[i.ytimg.com/vi/2y9L12Dkvvk/maxresdefault.jpg]
[tse4.mm.bing.net/th2bde.jpg]
[bbeautiful4u.co.uk/wp-content/uploads/2013/10/Healthy-nails.jpg]
[tse2.mm.bing.net/th8c0e.jpg]
[res.cloudinary.com/naildesigns/image/upload/v1456477728/nail_tips_hyma0i.jpg]
[tse4.mm.bing.net/th2846.jpg]
[www.myspashop.com/images/backup/passion images/Long & Short of Nails/Fingernails no polish - MSS.jpg]
[tse1.mm.bing.net/thd4ed.jpg]
[www.womentribe.com/wp-content/uploads/2011/10/10-Tips-for-Healthy-Beautiful-Nails1.jpg]
[tse4.mm.bing.net/th2a9b.jpg]
[new-beautyblog.com/wp-content/uploads/2013/11/manicure-on-short-nails-can-be-stylish3.jpg]
[tse3.mm.bing.net/th2799.jpg]
[supertastyrecipes.com/wp-content/uploads/2016/02/Struggle-With-Short-Nails-These-6-Tips-Will-Help-You-Grow-Them-Long-And-Strong.-FAST.jpg]
[tse2.mm.bing.net/th6d92.jpg]
[alittleblogtoldme.com/wp-content/uploads/Healthy_Nails_How_to.jpg]
[tse2.mm.bing.net/th3a54.jpg]
[www.wellbuzz.com/wp-content/uploads/2014/11/short-nails.png]
[tse2.mm.bing.net/th729a.jpg]
[mantello.co.uk/wp-content/uploads/2016/02/healthy-nails.jpg]
[tse3.mm.bing.net/th22b4.jpg]
[www.makeupandbeauty.in/wp-content/uploads/2015/03/Nail-Care-Tips-For-Healthy-Nails.jpg]
[tse4.mm.bing.net/th73a7.jpg]
[images.agoramedia.com/everydayhealth/gcms/pg-surprising-things-that-make-you-sick-10-full.jpg]
[tse3.mm.bing.net/th43c2.jpg]
[media-cache-ec0.pinimg.com/736x/82/90/b4/8290b41daa24651abf7e5286a21b67a4.jpg]
[tse1.mm.bing.net/th4430.jpg]
[www.awakeningskincare.com/v/vspfiles/assets/images/web drynailremedies.jpg]
[tse2.mm.bing.net/tha5fe.jpg]
[2.bp.blogspot.com/-MCiCvjIdcK0/T06z9RWuwCI/AAAAAAAABQE/orkE5VP_cQs/s1600/review - trind perfect system 6.JPG]
[tse2.mm.bing.net/th732e.jpg]
[newstodaypk.com/wp-content/uploads/2016/06/NAILS.jpg]
[tse1.mm.bing.net/th441c.jpg]
[media-cache-ak0.pinimg.com/originals/e0/bc/61/e0bc61e68553e71ee708113f836791d9.jpg]
[tse3.mm.bing.net/th39f9.jpg]
[www.ayeshablog.com/wp-content/uploads/2012/10/beautiful-short-nails.jpg]
[tse4.mm.bing.net/th0b62.jpg]
[s-media-cache-ak0.pinimg.com/236x/7d/14/7e/7d147ec16c054ca8ccb9c97d63b07d72.jpg]
[tse3.mm.bing.net/thf6a7.jpg]
[new-beautyblog.com/wp-content/uploads/2016/04/fashion-trends-short-nails-2016-37.jpg]
[tse3.mm.bing.net/th5e67.jpg]
[artnokti.com/images/stories/finger-nail-health.jpg]
[tse1.mm.bing.net/thaaa1.jpg]
[media-cache-ak0.pinimg.com/736x/bc/b7/d2/bcb7d2dc55d1b0472293ef9a395ab4eb.jpg]
[tse1.mm.bing.net/th5427.jpg]
[s-media-cache-ak0.pinimg.com/736x/ff/ef/19/ffef1906aaf5d1b75914a41925ca4cd8.jpg]
[tse1.mm.bing.net/th7f9a.jpg]
[img2.timeinc.net/health/images/slides/trim-nail-400x400.jpg]
[tse3.mm.bing.net/th0112.jpg]
[www.bing.com/images/search6384.html]
[www.bing.com/images/searchb4fa.html]
[www.bing.com/images/search5c1f.html]
[www.bing.com/images/searchbc0d.html]
[www.bing.com/images/search58c9.html]
[www.bing.com/images/search71fd.html]
[www.bing.com/images/search94a1.html]
[www.bing.com/images/search737b.html]
[www.bing.com/images/searcha935.html]
[www.bing.com/images/search7ad3.html]
[www.bing.com/images/search2474.html]
[www.bing.com/images/searchd25a.html]
[www.bing.com/images/search70fc.html]
[www.bing.com/images/searchd207.html]
[www.bing.com/images/search13e4.html]
[www.bing.com/images/search3b4b.html]
[i.huffpost.com/gen/1286441/thumbs/o-GROW-HEALTHY-STRONG-NAILS-facebook.jpg]
[tse1.mm.bing.net/th5a1b.jpg]
[4.bp.blogspot.com/_YLI-0qsAYqk/TO5QEPEDipI/AAAAAAAABis/fwEj_rqyf2g/s1600/nail-care.png]
[tse4.mm.bing.net/tha46e.jpg]
[images.more.mdpcdn.com/sites/more.com/files/styles/facebook_og_image/public/healthy-strong-nails.jpg]
[tse1.mm.bing.net/th63ea.jpg]
[pad2.whstatic.com/images/thumb/6/66/Grow-Strong-and-Healthy-Nails-Naturally-Step-3.jpg/670px-Grow-Strong-and-Healthy-Nails-Naturally-Step-3.jpg]
[tse1.mm.bing.net/the2ea.jpg]
[3.bp.blogspot.com/-VRcmmWP4dVA/VtrSqxKf0wI/AAAAAAAALsI/KAJp5hyVlBA/s1600/How to Grow Long Healthy Strong Nails Beauty Blogger Nail Oil.JPG]
[tse4.mm.bing.net/thcad5.jpg]
[nailartexpert.com/wp-content/uploads/2015/01/Healthy-Nails-What-Eat-Strong-Nails.png]
[tse2.mm.bing.net/th2b7f.jpg]
[www.wikihow.com/images/6/6c/Grow-Strong-and-Healthy-Nails-Naturally-Step-4.jpg]
[tse4.mm.bing.net/th4473.jpg]
[4.bp.blogspot.com/-iqcnD17p6QU/VH_-1tikB6I/AAAAAAAAA-c/gHGkkWmpQyM/s1600/IMG_20141201_231915.jpg]
[tse1.mm.bing.net/thb4f3.jpg]
[1.bp.blogspot.com/-QcsAEliMaHM/UVg-2sT4eAI/AAAAAAAAAxs/cpt4v6fDGng/s1600/healthy nails.JPG]
[tse3.mm.bing.net/th116f.jpg]
[girlaccessories.net/wp-content/uploads/2011/02/nails-08.1c2.delayed]
[tse4.mm.bing.net/thee7e.jpg]
[media-cache-ec0.pinimg.com/736x/21/4e/48/214e484e67e1365f71efe6ca73b03dc9.jpg]
[tse4.mm.bing.net/th337c.jpg]
[www.urbanflowerpot.com/wp-content/uploads/2013/11/how-to-grow-healthy-nails.jpg]
[tse4.mm.bing.net/th1c60.jpg]
[www.vampyvarnish.com/wp-content/uploads/2011/10/Strong-Nails-Zoya-Olivia.jpg]
[tse1.mm.bing.net/the3a9.jpg]
[colorblastbyorly.co.nz/wp-content/uploads/2014/06/long-strong-nails.png]
[tse2.mm.bing.net/th4895.jpg]
[www.girlscosmo.com/wp-content/uploads/2012/07/Grow-Strong-Nails.jpg]
[tse1.mm.bing.net/th129e.jpg]
[1.bp.blogspot.com/-n63RHRTQ8UA/UcvCdSdYKZI/AAAAAAAAALc/r6ClJ_GP_ic/s1600/beautiful nails.jpg]
[tse2.mm.bing.net/thb17e.jpg]
[a3145z3.americdn.com/wp-content/uploads/2014/02/natural-tips-for-healthy-and-strong-nails.jpg]
[tse3.mm.bing.net/th51e1.jpg]
[2.bp.blogspot.com/-lMQIkT_p7fw/To49KJo8WzI/AAAAAAAAAG8/eaoaW6IUBxI/s1600/IMG_4138.jpg]
[tse1.mm.bing.net/tha12f.jpg]
[www.tiptophomeremedies.com/wp-content/uploads/2015/04/woman-applying-nail-hardener.jpg]
[tse3.mm.bing.net/tha210.jpg]
[pinmakeuptips.com/wp-content/uploads/2015/06/210.jpg]
[tse4.mm.bing.net/thb236.jpg]
[inspirebeautytips.com/wp-content/uploads/2014/02/Natural-treatments-for-strong-and-healthy-nails-vert.jpg]
[tse1.mm.bing.net/th78e2.jpg]
[www.feminiya.com/wp-content/uploads/2013/03/strong-finger-nails2.1da.delayed]
[www.wetellyouhow.com/wp-content/uploads/2013/03/strong-finger-nails2.jpg]
[tse3.mm.bing.net/th7c4b.jpg]
[lh6.googleusercontent.com/-8h-mfdkQHZY/TYQrYaXM0VI/AAAAAAAAAvU/kg2Yv6WnDbE/s400/8+Essential+Nail+Care+Tips+for+Healthy+and+Strong+Nails+-+ACRYLIC+NAILS+%286%29.1dd.delayed]
[tse4.mm.bing.net/th433b.jpg]
[fabfashionfix.com/wp-content/uploads/2013/01/nails-care-and-domestic-cure-guides-at-womens-health-care.jpg]
[tse4.mm.bing.net/th550e.jpg]
[lh6.googleusercontent.com/-ZZ5BjbFjvTM/TYQrU58GhZI/AAAAAAAAAvA/Lp8lxf_vUWg/s1600/8+Essential+Nail+Care+Tips+for+Healthy+and+Strong+Nails+-+ACRYLIC+NAILS+%281%29.1e1.delayed]
[tse3.mm.bing.net/thd29f.jpg]
[hudabeauty.com/wp-content/uploads/2013/01/nails_pic.jpg]
[tse1.mm.bing.net/th7d0b.jpg]
[media-cache-ak0.pinimg.com/736x/f2/84/61/f284612098d1aedf72ecb57f816e6622.jpg]
[tse4.mm.bing.net/th24ed.jpg]
[www.bing.com/images/search50f6.html]
[www.bing.com/images/search5d81.html]
[www.bing.com/images/searchab52.html]
[www.bing.com/images/search83a5.html]
[www.bing.com/images/search165e.html]
[www.bing.com/images/searchd3b0.html]
[www.bing.com/images/search4d81.html]
[www.bing.com/images/search5c57.html]
[www.bing.com/images/searchff9d.html]
[www.bing.com/images/search9636.html]
[www.bing.com/images/search856f.html]
[www.bing.com/images/searchff47.html]
[www.bing.com/images/search6a6c.html]
[www.bing.com/images/search771c.html]
[www.bing.com/images/searchf4ca.html]
[www.bing.com/images/search7d58.html]
[www.bing.com/images/searchb70c.html]
[www.bing.com/images/searchb8a5.html]
[www.bing.com/images/searchcac1.html]
[www.bing.com/images/searche4e5.html]
[www.bing.com/images/search25d4.html]
[www.bing.com/images/search0049.html]
[imabeautygeek.com/.image/MTI2NTUzODMyMTEyMDM2MzE4/healthy-young-skin.jpg]
[tse1.mm.bing.net/thdbf1.jpg]
[escarcha.com/wp-content/uploads/2014/10/healthy-face.jpg]
[tse3.mm.bing.net/th1622.jpg]
[acomocliticstudio.com/wp-content/uploads/2014/10/healthy_skin.jpg]
[tse4.mm.bing.net/th8e68.jpg]
[3.bp.blogspot.com/-hJDoosbfH_s/UaqIu3u1zqI/AAAAAAAABCM/sMy3K1kTpNI/s1600/tips for beauty skin.jpg]
[tse1.mm.bing.net/thaa5f.jpg]
[www.readersdigest.ca/wp-content/uploads/2016/05/healthy-skin.jpg]
[tse1.mm.bing.net/th93e9.jpg]
[trucarepharmacy.files.wordpress.com/2015/08/healthy-skin.jpg]
[tse4.mm.bing.net/th8b3c.jpg]
[justnashik.files.wordpress.com/2013/05/skin-care-for-you.jpg]
[tse3.mm.bing.net/thdd76.jpg]
[healthverdict.com/wp-content/uploads/2014/05/healthy-skin.jpg]
[tse1.mm.bing.net/thcfea.jpg]
[www.ladychoices.com/wp-content/uploads/2013/12/healthy-skin.jpg]
[tse1.mm.bing.net/th3026.jpg]
[cf.ltkcdn.net/vitamins/images/slide/124252-809x593-healthy_skin.jpg]
[tse4.mm.bing.net/th0ffa.jpg]
[www.healthscopemag.com/wp-content/uploads/2014/09/WH.Skin_-795x450.jpg]
[tse4.mm.bing.net/thdb30.jpg]
[cdn.myhealthtips.in/wp-content/uploads/2015/11/Healthy-skin-620x394.jpg]
[tse3.mm.bing.net/thb379.jpg]
[mariodiabsalon.files.wordpress.com/2011/02/healthy-skin.jpg]
[tse2.mm.bing.net/th6f39.jpg]
[blog.themodelstage.com/wp-content/uploads/2012/10/healthyskin.jpg]
[tse1.mm.bing.net/th2312.jpg]
[realfitnesstips.com/wp-content/uploads/2013/09/healthy-skin.jpg]
[tse3.mm.bing.net/theeb3.jpg]
[1.bp.blogspot.com/-UXDLWSDxItw/T-b64oq8hYI/AAAAAAAABSU/-wpYjer-Umk/s1600/Natural Ways To Stimulate Collagen To Keep Skin Healthy And Smooth.jpg]
[tse2.mm.bing.net/th37ee.jpg]
[divatise.com/wp-content/uploads/2014/01/Skin-Health-Care-5-Tips-for-Healthy-Skin-v04.jpg]
[tse3.mm.bing.net/th63e7.jpg]
[lartebellezza.com/wp-content/uploads/eatingforhealthyskin.jpg]
[tse3.mm.bing.net/th9026.jpg]
[4.bp.blogspot.com/-Ow9Npy7LSls/T_QpCRPo4tI/AAAAAAAABf8/UmLt1dNZ-QU/s1600/Natural Herbs That Can Maintain Healthy Skin (1).jpg]
[tse3.mm.bing.net/th9eb2.jpg]
[4.bp.blogspot.com/-KU5VlHkW6JA/ThbnbajEPjI/AAAAAAAAAKg/tQXeESfm-zg/s1600/Healthy Skin.jpg]
[tse1.mm.bing.net/th839c.jpg]
[cdn.natural-homeremedies.com/blog/wp-content/uploads/2012/08/Tips-to-make-skin-healthy.jpg]
[tse1.mm.bing.net/th81fe.jpg]
[berryripe.com/wp-content/uploads/2012/10/healthy-skin.jpg]
[tse4.mm.bing.net/th3619.jpg]
[radiancedayspa.net/wp-content/uploads/2015/10/omega-healthy-skin.jpg]
[tse4.mm.bing.net/th0aa7.jpg]
[untappedlife.com.au/wp-content/uploads/2015/06/healthy-skin-533x272.jpg]
[tse3.mm.bing.net/th101f.jpg]
[healthandbeautyhq.files.wordpress.com/2013/07/natural-remedies-for-healthy-skin.jpg]
[tse4.mm.bing.net/tha107.jpg]
[bodyxbeauty.com/wp-content/uploads/2011/11/healthy-skin.jpg]
[tse4.mm.bing.net/th0c0f.jpg]
[www.yesvegetarian.com/wp-content/uploads/2015/01/Healthy-Skin.jpg]
[tse2.mm.bing.net/thcb2b.jpg]
[www.marinlaser.com/wp-content/uploads/2013/11/healthy-skin.236.delayed]
[tse3.mm.bing.net/thca8c.jpg]
[www.bing.com/images/search4490.html]
[www.bing.com/images/search38da.html]
[www.bing.com/images/searche1e0.html]
[www.bing.com/images/search4a46.html]
[www.bing.com/images/search295c.html]
[www.bing.com/images/search5604.html]
[www.bing.com/images/searchd6d0.html]
[www.bing.com/images/search229c.html]
[www.bing.com/images/search397f.html]
[www.bing.com/images/search1f99.html]
[www.bing.com/images/search1433.html]
[www.bing.com/images/search0493.html]
[www.bing.com/images/searchffdd.html]
[www.bing.com/images/search2802.html]
[www.bing.com/images/search6b62.html]
[www.bing.com/images/search90fc.html]
[www.bing.com/images/searche291.html]
[www.bing.com/images/search4b57.html]
[www.bing.com/images/search1114.html]
[www.bing.com/images/searchc35d.html]
[www.bing.com/images/searchf576.html]
[www.bing.com/images/searche21f.html]
[www.bing.com/images/search6ca1.html]
[3.bp.blogspot.com/-Kjk5pHeJjWk/VI9PLEZxKaI/AAAAAAAAFPM/8Kmq0mdlJHg/s1600/vertical-ridges-fingernails-nail-plate-anatomy.jpg]
[tse4.mm.bing.net/th33a3.jpg]
[3.bp.blogspot.com/-eQm7khjb2N4/TXzSpdDjBbI/AAAAAAAAABk/gjkuEs-6yuI/s1600/nail anatomy.jpg]
[tse4.mm.bing.net/th9248.jpg]
[positivemed.com/wp-content/uploads/2013/10/Nail-Anatomy.jpg]
[tse3.mm.bing.net/th1fbf.jpg]
[www.seabuckthorninsider.com/wp-content/uploads/2012/03/healthy-finger-nails-diagram1.gif]
[tse3.mm.bing.net/th5ff4.jpg]
[1.bp.blogspot.com/_T-cBNCP6IVw/TGi_paF1xeI/AAAAAAAAAJ8/k7BaKeySy2U/s1600/mcdc7_fingernail_anatomy.jpg]
[tse1.mm.bing.net/th1e3f.jpg]
[1.bp.blogspot.com/_1-WnTFQNcj0/SH22ogVff6I/AAAAAAAAACQ/oQmBwYIlkxs/s400/anatomy of a nail.jpg]
[tse4.mm.bing.net/th60f1.jpg]
[tse2.mm.bing.net/th7232.jpg]
[upload.wikimedia.org/wikipedia/commons/thumb/5/5f/Blausen_0406_FingerNailAnatomy.png/160px-Blausen_0406_FingerNailAnatomy.png]
[image.slidesharecdn.com/what-do-your-nails-say-about-you-160217022817/95/a-pictoral-ddx-for-nail-health-2-638ab3c.jpg]
[tse4.mm.bing.net/th5a42.jpg]
[www.nailsxo.com/wp-content/uploads/2013/12/Nail-anatomy.jpg]
[tse1.mm.bing.net/th8ded.jpg]
[4.bp.blogspot.com/-v-UuJYNdimY/UbcpNKiG0tI/AAAAAAAAQDM/XIqTLHIGBnc/s1600/NAIL ANATOMY.jpg]
[tse2.mm.bing.net/th24b8.jpg]
[www.healthhype.com/wp-content/uploads/nail_parts_top.jpg]
[tse4.mm.bing.net/thf0a0.jpg]
[lygsbtd.files.wordpress.com/2011/07/nailanatomy1.gif]
[tse1.mm.bing.net/th045a.jpg]
[thumbs.dreamstime.com/t/glaucoma-detailed-anatomy-healthy-eye-60759953.jpg]
[tse2.mm.bing.net/tha0f2.jpg]
[images.nailsmag.com/post/M-NailAnatomynailsmag-1.jpg]
[tse4.mm.bing.net/th3c4b.jpg]
[usercontent1.hubstatic.com/8464376_f520.jpg]
[tse1.mm.bing.net/th217f.jpg]
[s-media-cache-ak0.pinimg.com/736x/74/cf/bc/74cfbc58d8469781e4d4b5a78b8eca0e.jpg]
[tse2.mm.bing.net/th6a0b.jpg]
[s-media-cache-ak0.pinimg.com/236x/96/54/d0/9654d0e5423ce6aefb92476767906982.jpg]
[tse2.mm.bing.net/th5695.jpg]
[classconnection.s3.amazonaws.com/959/flashcards/1239959/jpg/fingernail_anatomy1348432871935.jpg]
[tse3.mm.bing.net/the7e7.jpg]
[s-media-cache-ak0.pinimg.com/736x/68/c8/ac/68c8ac5758891467421e9d2a6c4f9f19.jpg]
[tse1.mm.bing.net/thfa31.jpg]
[3.bp.blogspot.com/-o3dAMKBruEI/T7jf6Xn9CHI/AAAAAAAACBY/eKQW0s_hafc/s1600/Nail anatomy.jpg]
[tse3.mm.bing.net/th4a49.jpg]
[s-media-cache-ak0.pinimg.com/564x/7b/83/65/7b83658a9e9575f133fd8ea9ce3f702d.jpg]
[tse1.mm.bing.net/th4d96.jpg]
[4.bp.blogspot.com/-lzT7Av5iPcU/UN3VQN1saUI/AAAAAAAAE58/2OEDg88DWWo/s1600/nailanatomylarge.jpg]
[tse2.mm.bing.net/th3567.jpg]
[tse2.mm.bing.net/th3f19.jpg]
[www.nailcarehq.com/wp-content/uploads/2013/08/Nail-Anatomy-NailCareHQ.com_.001.jpg]
[tse3.mm.bing.net/th3add.jpg]
[www.toesauce.com/images/anatomy_fingernail.jpg]
[tse1.mm.bing.net/th2762.jpg]
[www.healthhype.com/wp-content/uploads/parts_nail.jpg]
[tse3.mm.bing.net/th2a8c.jpg]
[upload.wikimedia.org/wikipedia/commons/thumb/1/11/Human_nail_anatomy.jpg/1280px-Human_nail_anatomy.jpg]
[tse3.mm.bing.net/th5c35.jpg]
[classconnection.s3.amazonaws.com/776/flashcards/1426776/jpg/nail21350848913299.jpg]
[tse1.mm.bing.net/th4cdc.jpg]
[www.bing.com/images/searchfe5b.html]
[www.bing.com/images/search555e.html]
[www.bing.com/images/search10c0.html]
[www.bing.com/images/searchdefd.html]
[www.bing.com/images/search665f.html]
[www.bing.com/images/search3bfe.html]
[www.bing.com/images/searchf2ca.html]
[www.bing.com/images/search0153.html]
[www.bing.com/images/searchb301.html]
[www.bing.com/images/searche7c7.html]
[www.bing.com/images/search89c1.html]
[www.bing.com/images/search63e2.html]
[www.bing.com/images/search1914.html]
[www.bing.com/images/search8eb8.html]
[www.bing.com/images/search7151.html]
[www.bing.com/images/search3df7.html]
[www.bing.com/images/searche4cd.html]
[www.bing.com/images/search50da.html]
[www.bing.com/images/searchd8a4.html]
[www.bing.com/images/search34f5.html]
[www.bing.com/images/searchf730.html]
[4.bp.blogspot.com/-3UcO4aigmJo/Txx_aI2_G_I/AAAAAAAABfc/3OHOl1PFVZw/s1600/67.jpeg]
[tse4.mm.bing.net/th7669.jpg]
[3.bp.blogspot.com/_9PfsjVZFpyE/TTSiEhCq_HI/AAAAAAAABfM/C50_zGq8AfQ/s400/P1160031.JPG]
[tse4.mm.bing.net/th2b08.jpg]
[4.bp.blogspot.com/_2lwoPYYJmAY/TPw1ewhsNwI/AAAAAAAAAAM/bdNh1ApBONI/s200/Naked nails 1.JPG]
[tse1.mm.bing.net/th2d94.jpg]
[images.medicinenet.com/images/slideshow/nail_say_health_s2_pale_nails.jpg]
[tse4.mm.bing.net/th6f2d.jpg]
[1.bp.blogspot.com/-YgMaNnqhqx0/UJbtkXh255I/AAAAAAAAB80/roB-rSGNLlk/s1600/CIMG1903.JPG]
[www.bing.com/images/search3a8e.html]
